This folder exists to store processed test-data expected outcomes. Especially those that link multiple (can be many) modules together; hence "integration".
